// Jest Snapshot v1, https://goo.gl/fbAQLP

exports[`works 1`] = `
"class MyView extends View {}

MyView.prototype.__wc = [];
MyView.prototype.__ht = '<div></div>';

MyView.prototype.__bv = function (view, prototype) {
  view.__bd(prototype, false);

  view.dom = {};
};"
`;
